
0/1 tests passed and 1 failed in XXs:

  ✖  Anonymous  Failed

┌────────────────────────────────────────────────────────────────────────────────────────┐
│ Failed                                                                                 │
└────────────────────────────────────────────────────────────────────────────────────────┘

  Reason:

    [3; 2; 1] <> [2; 3; 1]

  Log:

    x = 42
    y = Dummy

Test Failed: 0/1 tests passed and 1 failed in XXs.

